// Jest Snapshot v1, https://goo.gl/fbAQLP

exports[`Get all palettes data fetch call -- should return correct data 1`] = `
[
  {
    "__v": 0,
    "_id": "639a09c9e9a48bb5f02afa29",
    "hex": [
      "ded798",
      "da9f75",
      "976b50",
      "372f2d",
      "9a986e",
    ],
    "likes": 3,
    "model": "makoto_shinkai",
    "name": "ocean than",
    "paletteGuid": "e0c00261-a904-430c-9777-3232d9173c59",
    "rgb": [
      [
        222,
        215,
        152,
      ],
      [
        218,
        159,
        117,
      ],
      [
        151,
        107,
        80,
      ],
      [
        55,
        47,
        45,
      ],
      [
        154,
        152,
        110,
      ],
    ],
  },
  {
    "__v": 0,
    "_id": "639a0ac9e9a48bb5f02afa2b",
    "hex": [
      "788db4",
      "3f3b68",
      "5f6b81",
      "aaa38f",
      "adb995",
    ],
    "likes": 3,
    "model": "makoto_shinkai",
    "name": "coffee slope",
    "paletteGuid": "c8e9fefd-515c-4c3a-9b32-595b07f252f9",
    "rgb": [
      [
        120,
        141,
        180,
      ],
      [
        63,
        59,
        104,
      ],
      [
        95,
        107,
        129,
      ],
      [
        170,
        163,
        143,
      ],
      [
        173,
        185,
        149,
      ],
    ],
  },
  {
    "__v": 0,
    "_id": "639a0ad3e9a48bb5f02afa2d",
    "hex": [
      "44381f",
      "7d8230",
      "becf8f",
      "69b388",
      "629a8b",
    ],
    "model": "the_wind_rises",
    "name": "jump exercise",
    "paletteGuid": "6d91d4b1-cd78-4503-8ecd-3525f5f8e8bb",
    "rgb": [
      [
        68,
        56,
        31,
      ],
      [
        125,
        130,
        48,
      ],
      [
        190,
        207,
        143,
      ],
      [
        105,
        179,
        136,
      ],
      [
        98,
        154,
        139,
      ],
    ],
  },
  {
    "__v": 0,
    "_id": "639a0c75e9a48bb5f02afa2f",
    "hex": [
      "36251b",
      "845f58",
      "ab9e97",
      "d0cec9",
      "6b6c70",
    ],
    "model": "city_photography",
    "name": "headed oldest",
    "paletteGuid": "549cf550-c198-4452-9ad9-78d80d8f78e3",
    "rgb": [
      [
        54,
        37,
        27,
      ],
      [
        132,
        95,
        88,
      ],
      [
        171,
        158,
        151,
      ],
      [
        208,
        206,
        201,
      ],
      [
        107,
        108,
        112,
      ],
    ],
  },
  {
    "__v": 0,
    "_id": "639a0cace9a48bb5f02afa31",
    "hex": [
      "1d1229",
      "3d5189",
      "2c56ab",
      "6497be",
      "cec0b2",
    ],
    "model": "city_photography",
    "name": "bean aside",
    "paletteGuid": "5022510a-a109-4297-a4ea-4ccb000cb571",
    "rgb": [
      [
        29,
        18,
        41,
      ],
      [
        61,
        81,
        137,
      ],
      [
        44,
        86,
        171,
      ],
      [
        100,
        151,
        190,
      ],
      [
        206,
        192,
        178,
      ],
    ],
  },
]
`;
